============================================================
Test 1: Initial greeting
============================================================
Using fallback extraction mode...
Response: Hi there! What's your name?
Extracted: {'ready_to_search': False}
Ready: False

============================================================
Test 2: User introduces name and job
============================================================
Using fallback extraction mode...
User: hi i am arthur wonna work as a english teacher and python developer
Response: Great! So you're interested in English teacher, Python developer! ≡ƒÄë
Where are you located? (or 'remote' if you work remotely)
Extracted: {'name': 'Arthur', 'skills': ['English', 'Python'], 'career_goals': 'English teacher, Python developer', 'ready_to_search': False}
Ready: False

============================================================
Test 3: User says 'remote'
============================================================
Using fallback extraction mode...
User: remote
Response: Awesome, Arthur! I have all the info I need. Let me search for the best opportunities for you! ≡ƒÜÇ
Extracted: {'location': 'Remote', 'remote_ok': True, 'ready_to_search': True}
Ready: True

============================================================
Test 4: User says 'both'
============================================================
Using fallback extraction mode...
User: both
Response: Awesome, Arthur! I have all the info I need. Let me search for the best opportunities for you! ≡ƒÜÇ
Extracted: {'ready_to_search': True}
Ready: True

============================================================
Final Profile:
============================================================
{
  "ready_to_search": true,
  "name": "Arthur",
  "skills": [
    "English",
    "Python"
  ],
  "career_goals": "English teacher, Python developer",
  "location": "Remote",
  "remote_ok": true
}
